2026-05-02 22:24:19,608 [INFO] app.voice.listener: No enrolled voice profile found. Friday will remain locked.
INFO:     Started server process [13072]
INFO:     Waiting for application startup.
2026-05-02 22:24:19,735 [INFO] app.core.cache: Redis cache connected: redis://localhost:6379/0
Warning: You are sending unauthenticated requests to the HF Hub. Please set a HF_TOKEN to enable higher rate limits and faster downloads.
2026-05-02 22:24:21,411 [WARNING] huggingface_hub.utils._http: Warning: You are sending unauthenticated requests to the HF Hub. Please set a HF_TOKEN to enable higher rate limits and faster downloads.
Notice: ffmpeg is not installed. torchaudio is used to load audio
If you want to use ffmpeg backend to load audio, please install it by:
	sudo apt install ffmpeg # ubuntu
	# brew install ffmpeg # mac
Loading weights:   0%|          | 0/103 [00:00<?, ?it/s]Loading weights: 100%|██████████| 103/103 [00:00<00:00, 16330.74it/s]
[33m2026-05-02 22:24:23 WARNING semantic_router No index provided. Using default LocalIndex.[0m
2026-05-02 22:24:23,012 [INFO] core.pipeline: SemanticTurnDetector initialized.
2026-05-02 22:24:23,012 [INFO] core.pipeline: EmotionEngine (MER) initialized.
2026-05-02 22:24:23,012 [INFO] core.pipeline: Initializing Pipecat WebRTC Transport Layer...
2026-05-02 22:24:23,015 [INFO] core.pipeline: AntigravityPipeline (Next-Gen) initialized for public in 2.08s
INFO:     Application startup complete.
INFO:     Uvicorn running on http://localhost:8001 (Press CTRL+C to quit)
2026-05-03 00:08:42,547 [WARNING] root: No API keys were configured. Generated an ephemeral local development key. Set VERITAS_DEV_API_KEY and VERITAS_ENTERPRISE_API_KEY in production.
INFO:     ::1:54359 - "WebSocket /ws/stream" [accepted]
INFO:     connection open
INFO:     connection closed
INFO:     ::1:54360 - "WebSocket /ws/stream" [accepted]
INFO:     connection open
INFO:     connection closed
INFO:     ::1:54361 - "WebSocket /ws/stream" [accepted]
INFO:     connection open
INFO:     connection closed
INFO:     ::1:54362 - "WebSocket /ws/stream" [accepted]
INFO:     connection open
INFO:     connection closed
INFO:     ::1:54363 - "OPTIONS /api/v1/stream HTTP/1.1" 200 OK
INFO:     ::1:54364 - "WebSocket /ws/stream" [accepted]
INFO:     connection open
INFO:     connection closed
INFO:     ::1:54363 - "POST /api/v1/stream HTTP/1.1" 200 OK
INFO:     ::1:54390 - "WebSocket /ws/stream" [accepted]
INFO:     connection open
INFO:     connection closed
INFO:     ::1:54391 - "WebSocket /ws/stream" [accepted]
INFO:     connection open
INFO:     connection closed
INFO:     ::1:54392 - "WebSocket /ws/stream" [accepted]
INFO:     connection open
INFO:     connection closed
INFO:     ::1:54393 - "WebSocket /ws/stream" [accepted]
INFO:     connection open
INFO:     connection closed
INFO:     ::1:54394 - "WebSocket /ws/stream" [accepted]
INFO:     connection open
INFO:     connection closed
INFO:     ::1:54395 - "WebSocket /ws/stream" [accepted]
INFO:     connection open
INFO:     connection closed
INFO:     ::1:54396 - "WebSocket /ws/stream" [accepted]
INFO:     connection open
INFO:     connection closed
INFO:     ::1:54397 - "WebSocket /ws/stream" [accepted]
INFO:     connection open
INFO:     connection closed
INFO:     ::1:54398 - "WebSocket /ws/stream" [accepted]
INFO:     connection open
INFO:     connection closed
INFO:     ::1:54399 - "WebSocket /ws/stream" [accepted]
INFO:     connection open
INFO:     connection closed
INFO:     ::1:54400 - "WebSocket /ws/stream" [accepted]
INFO:     connection open
INFO:     connection closed
INFO:     ::1:54401 - "WebSocket /ws/stream" [accepted]
INFO:     connection open
INFO:     connection closed
INFO:     ::1:54402 - "WebSocket /ws/stream" [accepted]
INFO:     connection open
INFO:     connection closed
INFO:     ::1:54403 - "WebSocket /ws/stream" [accepted]
INFO:     connection open
INFO:     connection closed
INFO:     ::1:54404 - "WebSocket /ws/stream" [accepted]
INFO:     connection open
INFO:     connection closed
INFO:     ::1:54405 - "WebSocket /ws/stream" [accepted]
INFO:     connection open
INFO:     connection closed
INFO:     ::1:54406 - "WebSocket /ws/stream" [accepted]
INFO:     connection open
INFO:     connection closed
INFO:     ::1:54413 - "WebSocket /ws/stream" [accepted]
INFO:     connection open
INFO:     connection closed
INFO:     ::1:54415 - "WebSocket /ws/stream" [accepted]
INFO:     connection open
INFO:     connection closed
INFO:     ::1:54416 - "WebSocket /ws/stream" [accepted]
INFO:     connection open
INFO:     connection closed
INFO:     ::1:54417 - "WebSocket /ws/stream" [accepted]
INFO:     connection open
INFO:     connection closed
INFO:     ::1:54418 - "WebSocket /ws/stream" [accepted]
INFO:     connection open
INFO:     connection closed
INFO:     ::1:54420 - "WebSocket /ws/stream" [accepted]
INFO:     connection open
INFO:     connection closed
INFO:     ::1:54421 - "WebSocket /ws/stream" [accepted]
INFO:     connection open
INFO:     connection closed
INFO:     ::1:54422 - "WebSocket /ws/stream" [accepted]
INFO:     connection open
INFO:     connection closed
INFO:     ::1:54606 - "POST /api/v1/voice/stream HTTP/1.1" 200 OK
INFO:     ::1:55204 - "POST /api/v1/stream HTTP/1.1" 200 OK
INFO:     ::1:55221 - "POST /api/v1/voice/stream HTTP/1.1" 200 OK
INFO:     ::1:55227 - "POST /api/v1/voice/stream HTTP/1.1" 200 OK
INFO:     ::1:55227 - "POST /api/v1/voice/stream HTTP/1.1" 200 OK
INFO:     ::1:55235 - "POST /api/v1/voice/stream HTTP/1.1" 200 OK
INFO:     ::1:55367 - "POST /api/v1/stream HTTP/1.1" 200 OK
INFO:     ::1:55368 - "POST /api/v1/stream HTTP/1.1" 200 OK
INFO:     ::1:55383 - "POST /api/v1/voice/stream HTTP/1.1" 200 OK
INFO:     ::1:55383 - "POST /api/v1/voice/stream HTTP/1.1" 200 OK
INFO:     ::1:55386 - "POST /api/v1/voice/stream HTTP/1.1" 200 OK
INFO:     ::1:55386 - "POST /api/v1/voice/stream HTTP/1.1" 200 OK
INFO:     ::1:55386 - "POST /api/v1/voice/stream HTTP/1.1" 200 OK
INFO:     ::1:55390 - "POST /api/v1/voice/stream HTTP/1.1" 200 OK
INFO:     ::1:55390 - "POST /api/v1/voice/stream HTTP/1.1" 200 OK
INFO:     ::1:55396 - "POST /api/v1/voice/stream HTTP/1.1" 200 OK
INFO:     ::1:55471 - "POST /api/v1/stream HTTP/1.1" 200 OK
INFO:     ::1:55478 - "POST /api/v1/voice/stream HTTP/1.1" 200 OK
INFO:     ::1:55481 - "POST /api/v1/voice/stream HTTP/1.1" 200 OK
INFO:     ::1:55481 - "POST /api/v1/voice/stream HTTP/1.1" 200 OK
INFO:     ::1:55485 - "POST /api/v1/voice/stream HTTP/1.1" 200 OK
INFO:     ::1:55494 - "POST /api/v1/voice/stream HTTP/1.1" 200 OK
INFO:     ::1:55549 - "POST /api/v1/stream HTTP/1.1" 200 OK
INFO:     ::1:55553 - "POST /api/v1/voice/stream HTTP/1.1" 200 OK
INFO:     ::1:55556 - "POST /api/v1/voice/stream HTTP/1.1" 200 OK
INFO:     ::1:55572 - "POST /api/v1/stream HTTP/1.1" 200 OK
INFO:     ::1:55575 - "POST /api/v1/voice/stream HTTP/1.1" 200 OK
INFO:     ::1:55577 - "POST /api/v1/voice/stream HTTP/1.1" 200 OK
INFO:     ::1:55584 - "POST /api/v1/voice/stream HTTP/1.1" 200 OK
INFO:     ::1:55586 - "POST /api/v1/voice/stream HTTP/1.1" 200 OK
INFO:     ::1:55586 - "POST /api/v1/voice/stream HTTP/1.1" 200 OK
2026-05-03 01:12:36,198 [ERROR] app.voice.tts_service: TTS Stream Error: No audio was received. Please verify that your parameters are correct.
